../Core/Src/stm32f1xx_hal_msp.c:63:6:HAL_MspInit	24	static
../Core/Src/stm32f1xx_hal_msp.c:89:6:HAL_RTC_MspInit	24	static
../Core/Src/stm32f1xx_hal_msp.c:114:6:HAL_RTC_MspDeInit	16	static
../Core/Src/stm32f1xx_hal_msp.c:136:6:HAL_TIM_Base_MspInit	24	static
../Core/Src/stm32f1xx_hal_msp.c:158:6:HAL_TIM_Base_MspDeInit	16	static
../Core/Src/stm32f1xx_hal_msp.c:176:13:HAL_FSMC_MspInit	32	static
../Core/Src/stm32f1xx_hal_msp.c:230:6:HAL_SRAM_MspInit	16	static
../Core/Src/stm32f1xx_hal_msp.c:242:13:HAL_FSMC_MspDeInit	8	static
../Core/Src/stm32f1xx_hal_msp.c:288:6:HAL_SRAM_MspDeInit	16	static
